
========================   JOB MAP   ========================
Data for JOB prterun-JOBID@N offset 0 Total slots allocated N
    App 0: Mapping policy: BYCORE:NOOVERSUBSCRIBE  Ranking policy: NODE  Binding policy: CORE:IF-SUPPORTED
    App 1: Mapping policy: BYCORE:NOOVERSUBSCRIBE  Ranking policy: SLOT  Binding policy: CORE:IF-SUPPORTED
    Cpu set: N/A  PPR: N/A  Cpus-per-rank: N/A  Cpu Type: CORE


Data for node: node0	Num slots: 8	Max slots: 0	Num procs: 8
        Process jobid: prterun-JOBID@N App: 0 Process rank: 0 Bound: package[0][core:L0]
        Process jobid: prterun-JOBID@N App: 0 Process rank: 1 Bound: package[0][core:L1]
        Process jobid: prterun-JOBID@N App: 0 Process rank: 2 Bound: package[0][core:L2]
        Process jobid: prterun-JOBID@N App: 0 Process rank: 3 Bound: package[0][core:L3]
        Process jobid: prterun-JOBID@N App: 1 Process rank: 4 Bound: package[0][core:L4]
        Process jobid: prterun-JOBID@N App: 1 Process rank: 5 Bound: package[0][core:L5]
        Process jobid: prterun-JOBID@N App: 1 Process rank: 6 Bound: package[0][core:L6]
        Process jobid: prterun-JOBID@N App: 1 Process rank: 7 Bound: package[0][core:L7]
