--------------------------------------------------------------------------
A deprecated MCA variable value was specified in the environment or
on the command line.  Deprecated MCA variables should be avoided;
they may disappear in future releases.

Deprecated variable: rmaps_default_mapping_policy
New variable:        mapby
--------------------------------------------------------------------------

========================   JOB MAP   ========================
Data for JOB prterun-JOBID@N offset 0 Total slots allocated N
    Mapping policy: BYDEVICE:NOOVERSUBSCRIBE  Ranking policy: SLOT Binding policy: PACKAGE
    Cpu set: N/A  PPR: N/A  Cpus-per-rank: N/A  Cpu Type: CORE


Data for node: node0	Num slots: 8	Max slots: 0	Num procs: 2
        Process jobid: prterun-JOBID@N App: 0 Process rank: 0 Bound: package[0][core:L0-63] Device: gpu://Mac::renderD128,gpu://Mac::renderD129
        Process jobid: prterun-JOBID@N App: 0 Process rank: 1 Bound: package[1][core:L64-127] Device: gpu://Mac::renderD130,gpu://Mac::renderD131
